main.cpp:92:5:int main()	48	static
main.cpp:185:6:void SystemClock_Config()	136	static
main.cpp:243:13:void MX_CRC_Init()	8	static
main.cpp:269:13:void MX_I2C3_Init()	8	static
main.cpp:315:13:void MX_SPI4_Init()	8	static
main.cpp:352:6:void MX_SPI5_Init()	8	static
main.cpp:390:13:void MX_TIM2_Init()	48	static
main.cpp:439:13:void MX_TIM3_Init()	48	static
main.cpp:492:13:void MX_TIM4_Init()	48	static
main.cpp:541:13:void MX_USART1_UART_Init()	8	static
main.cpp:574:13:void MX_GPIO_Init()	64	static
main.cpp:669:6:void spi4_init()	8	static
main.cpp:677:12:int spi4_buf_data_is_corrupt()	32	static
main.cpp:689:6:void HAL_SPI_RxCpltCallback(SPI_HandleTypeDef*)	16	static
main.cpp:718:6:void StartDefaultTask(const void*)	16	static
main.cpp:739:6:void HAL_TIM_PeriodElapsedCallback(TIM_HandleTypeDef*)	16	static
main.cpp:756:6:void Error_Handler()	4	static
